../Drivers/CMSIS/Include/core_cm3.h:1876:26:ITM_SendChar	16	static,ignoring_inline_asm
../Core/Src/main.c:100:5:_write	32	static
../Core/Src/main.c:107:5:SDMOUNT	24	static
../Core/Src/main.c:129:13:UI_DrawLine	120	static
../Core/Src/main.c:137:13:UI_DrawAll	40	static
../Core/Src/main.c:156:5:main	8	static
../Core/Src/main.c:314:6:SystemClock_Config	72	static
../Core/Src/main.c:354:13:MX_SPI1_Init	8	static
../Core/Src/main.c:392:13:MX_SPI2_Init	8	static
../Core/Src/main.c:430:13:MX_TIM3_Init	32	static
../Core/Src/main.c:475:13:MX_USART1_UART_Init	8	static
../Core/Src/main.c:508:13:MX_USART2_UART_Init	8	static
../Core/Src/main.c:539:13:MX_DMA_Init	16	static
../Core/Src/main.c:563:13:MX_GPIO_Init	40	static
../Core/Src/main.c:662:6:HAL_GPIO_EXTI_Callback	16	static
../Core/Src/main.c:690:6:HAL_SPI_TxCpltCallback	16	static
../Core/Src/main.c:701:6:Error_Handler	4	static,ignoring_inline_asm
