../Drivers/CMSIS/Include/core_cm3.h:1876:26:ITM_SendChar	16	static,ignoring_inline_asm
../Core/Src/main.c:80:5:_write	32	static
../Core/Src/main.c:87:5:SDMOUNT	24	static
../Core/Src/main.c:114:5:main	16	static
../Core/Src/main.c:246:6:SystemClock_Config	72	static
../Core/Src/main.c:286:13:MX_SPI1_Init	8	static
../Core/Src/main.c:324:13:MX_SPI2_Init	8	static
../Core/Src/main.c:362:13:MX_USART1_UART_Init	8	static
../Core/Src/main.c:395:13:MX_USART2_UART_Init	8	static
../Core/Src/main.c:426:13:MX_DMA_Init	16	static
../Core/Src/main.c:450:13:MX_GPIO_Init	40	static
../Core/Src/main.c:549:6:HAL_GPIO_EXTI_Callback	16	static
../Core/Src/main.c:582:6:Error_Handler	4	static,ignoring_inline_asm
