../Core/Src/sd_functions.c:35:6:sd_test_read_raw	528	static
../Core/Src/sd_functions.c:61:5:sd_get_space_kb	40	static
../Core/Src/sd_functions.c:75:5:sd_mount	16	static
../Core/Src/sd_functions.c:138:5:sd_unmount	16	static
../Core/Src/sd_functions.c:144:5:sd_write_file	592	static
../Core/Src/sd_functions.c:156:5:sd_append_file	592	static
../Core/Src/sd_functions.c:174:5:sd_read_file	592	static
../Core/Src/sd_functions.c:209:5:sd_read_csv	728	static
../Core/Src/sd_functions.c:252:5:sd_delete_file	24	static
../Core/Src/sd_functions.c:258:5:sd_rename_file	24	static
../Core/Src/sd_functions.c:264:9:sd_create_directory	24	static
../Core/Src/sd_functions.c:295:6:sd_list_files_simple	16	static
../Core/Src/sd_functions.c:330:6:sd_list_directory_recursive	160	static
../Core/Src/sd_functions.c:359:6:sd_list_files	8	static
