../Core/Src/sd_functions.c:46:5:sd_get_space_kb	40	static
../Core/Src/sd_functions.c:60:5:sd_mount	16	static
../Core/Src/sd_functions.c:123:5:sd_unmount	16	static
../Core/Src/sd_functions.c:129:5:sd_write_file	592	static
../Core/Src/sd_functions.c:141:5:sd_append_file	592	static
../Core/Src/sd_functions.c:159:5:sd_read_file	592	static
../Core/Src/sd_functions.c:194:5:sd_read_csv	736	static
../Core/Src/sd_functions.c:237:5:sd_delete_file	24	static
../Core/Src/sd_functions.c:243:5:sd_rename_file	24	static
../Core/Src/sd_functions.c:249:9:sd_create_directory	24	static
../Core/Src/sd_functions.c:255:6:sd_list_directory_recursive	160	static
../Core/Src/sd_functions.c:284:6:sd_list_files	8	static
